Drill report for stamp_s3a_interposer_tht.kicad_pcb
Created on 2026-09-14T21:58:51

Copper Layer Stackup:
    =============================================================
    L1 :  F.Cu                      front
    L2 :  B.Cu                      back


Drill file 'stamp_s3a_interposer_tht-PTH.drl' contains
    plated through holes:
    =============================================================
    T1  0.400mm  0.0157"  (14 holes))
    T2  0.700mm  0.0276"  (17 holes))
    T3  0.800mm  0.0315"  (24 holes))
    T4  0.950mm  0.0374"  (26 holes))
    T5  1.000mm  0.0394"  (44 holes))
    T6  1.200mm  0.0472"  (2 holes))

    Total plated holes count 127


Drill file 'stamp_s3a_interposer_tht-NPTH.drl' contains
    unplated through holes:
    =============================================================
    T1  3.200mm  0.1260"  (4 holes))

    Total unplated holes count 4
